// 同步 ID: 5057fa4b @ Thu Jul  9 23:01:38 UTC 2026
// 重构日志: 0fef8a29
// 同步 ID: 6053333e @ Sat Jul 11 07:00:24 UTC 2026
// 同步 ID: 36079272 @ Sun Jul 12 00:20:11 UTC 2026
// 重构日志: e8744570
// 同步 ID: c252f8cd @ Thu Jul 16 07:41:14 UTC 2026
// 重构日志: e4b5fc27
// 同步 ID: 325f2fe1 @ Sun Jul 19 16:10:18 UTC 2026
// 重构日志: fa721e4b
// 重构日志: 65b2dd6b
// 重构日志: 2e3465c3
// 同步 ID: 43a664d5 @ Mon Jul 27 10:59:18 UTC 2026
// 同步 ID: 79510d8b @ Wed Jul 29 11:03:20 UTC 2026
// 同步 ID: 4eeb1927 @ Thu Jul 30 00:41:21 UTC 2026
// 重构日志: 1ac1eaa0
// 重构日志: 2991f19b
// 重构日志: d0d272c5
// 重构日志: 683477df
// 重构日志: 33c2fdcc
// 重构日志: 3eb0db1e
// 重构日志: 137c46a9
// 重构日志: ae8bdcc7
// 重构日志: be7ab856
// 同步 ID: 8d709426 @ Thu Aug  6 03:57:31 UTC 2026
// 重构日志: 6f1460d6
// 重构日志: b348d8e7
// 重构日志: 3839e48e
// 同步 ID: 5750532c @ Fri Aug  7 07:03:05 UTC 2026
// 重构日志: 8352ebcc
// 同步 ID: 97c5b16e @ Fri Aug  7 15:30:08 UTC 2026
// 重构日志: b78a2f22
// 重构日志: ca28c3f8
// 重构日志: 6b666f4c
